37.132.72.0 - - [15/May/2023:14:22:48 +0200] "GET /BackEnd/API/Driver/getAllDriver.php HTTP/1.1" 200 6377 gt3prostats.com "http://gt3prostats.com/ranking.html" "Mozilla/5.0 (Windows NT 10.0; Win64; x64) AppleWebKit/537.36 (KHTML, like Gecko) Chrome/112.0.0.0 Safari/537.36" "-"
37.132.72.0 - - [15/May/2023:14:22:53 +0200] "GET /championships.html HTTP/1.1" 200 1364 gt3prostats.com "http://gt3prostats.com/ranking.html" "Mozilla/5.0 (Windows NT 10.0; Win64; x64) AppleWebKit/537.36 (KHTML, like Gecko) Chrome/112.0.0.0 Safari/537.36" "-"
37.132.72.0 - - [15/May/2023:14:22:54 +0200] "GET /js/championships.js HTTP/1.1" 200 1778 gt3prostats.com "http://gt3prostats.com/championships.html" "Mozilla/5.0 (Windows NT 10.0; Win64; x64) AppleWebKit/537.36 (KHTML, like Gecko) Chrome/112.0.0.0 Safari/537.36" "-"
37.132.72.0 - - [15/May/2023:14:22:56 +0200] "GET /backend/api/championship/getAllchampionship.php HTTP/1.1" 301 278 gt3prostats.com "http://gt3prostats.com/championships.html" "Mozilla/5.0 (Windows NT 10.0; Win64; x64) AppleWebKit/537.36 (KHTML, like Gecko) Chrome/112.0.0.0 Safari/537.36" "-"
37.132.72.0 - - [15/May/2023:14:22:56 +0200] "GET /BackEnd/api/championship/getAllchampionship.php HTTP/1.1" 301 278 gt3prostats.com "http://gt3prostats.com/championships.html" "Mozilla/5.0 (Windows NT 10.0; Win64; x64) AppleWebKit/537.36 (KHTML, like Gecko) Chrome/112.0.0.0 Safari/537.36" "-"
37.132.72.0 - - [15/May/2023:14:22:56 +0200] "GET /BackEnd/API/championship/getAllchampionship.php HTTP/1.1" 301 278 gt3prostats.com "http://gt3prostats.com/championships.html" "Mozilla/5.0 (Windows NT 10.0; Win64; x64) AppleWebKit/537.36 (KHTML, like Gecko) Chrome/112.0.0.0 Safari/537.36" "-"
37.132.72.0 - - [15/May/2023:14:22:57 +0200] "GET /BackEnd/API/Championship/getAllchampionship.php HTTP/1.1" 301 278 gt3prostats.com "http://gt3prostats.com/championships.html" "Mozilla/5.0 (Windows NT 10.0; Win64; x64) AppleWebKit/537.36 (KHTML, like Gecko) Chrome/112.0.0.0 Safari/537.36" "-"
37.132.72.0 - - [15/May/2023:14:22:57 +0200] "GET /BackEnd/API/Championship/GetAllChampionship.php HTTP/1.1" 200 1743 gt3prostats.com "http://gt3prostats.com/championships.html" "Mozilla/5.0 (Windows NT 10.0; Win64; x64) AppleWebKit/537.36 (KHTML, like Gecko) Chrome/112.0.0.0 Safari/537.36" "-"
37.132.72.0 - - [15/May/2023:14:23:03 +0200] "GET /BackEnd/API/Championship/GetAllChampionship.php HTTP/1.1" 200 1743 gt3prostats.com "http://gt3prostats.com/championships.html" "Mozilla/5.0 (Windows NT 10.0; Win64; x64) AppleWebKit/537.36 (KHTML, like Gecko) Chrome/112.0.0.0 Safari/537.36" "-"
37.132.72.0 - - [15/May/2023:14:23:05 +0200] "GET /BackEnd/API/Championship/GetAllChampionship.php HTTP/1.1" 200 1743 gt3prostats.com "http://gt3prostats.com/championships.html" "Mozilla/5.0 (Windows NT 10.0; Win64; x64) AppleWebKit/537.36 (KHTML, like Gecko) Chrome/112.0.0.0 Safari/537.36" "-"
47.63.232.0 - - [15/May/2023:14:23:08 +0200] "GET /BackEnd/API/Championship/GetAllChampionship.php HTTP/1.1" 200 1743 gt3prostats.com "http://gt3prostats.com/championships.html" "Mozilla/5.0 (Linux; Android 6.0; Nexus 5 Build/MRA58N) AppleWebKit/537.36 (KHTML, like Gecko) Chrome/113.0.0.0 Mobile Safari/537.36" "-"
47.63.232.0 - - [15/May/2023:14:23:09 +0200] "GET /js/championshipPage.js HTTP/1.1" 304 - gt3prostats.com "http://gt3prostats.com/championshipPage.html?id=13" "Mozilla/5.0 (Linux; Android 6.0; Nexus 5 Build/MRA58N) AppleWebKit/537.36 (KHTML, like Gecko) Chrome/113.0.0.0 Mobile Safari/537.36" "-"
47.63.232.0 - - [15/May/2023:14:23:09 +0200] "GET /BackEnd/API/ChampionshipEntry/GetChampionshipEntryByChampionshipID.php?ChampionshipID=13 HTTP/1.1" 200 27 gt3prostats.com "http://gt3prostats.com/championshipPage.html?id=13" "Mozilla/5.0 (Linux; Android 6.0; Nexus 5 Build/MRA58N) AppleWebKit/537.36 (KHTML, like Gecko) Chrome/113.0.0.0 Mobile Safari/537.36" "-"
37.132.72.0 - - [15/May/2023:14:23:09 +0200] "GET /BackEnd/API/Championship/GetAllChampionship.php HTTP/1.1" 200 1743 gt3prostats.com "http://gt3prostats.com/championships.html" "Mozilla/5.0 (Windows NT 10.0; Win64; x64) AppleWebKit/537.36 (KHTML, like Gecko) Chrome/112.0.0.0 Safari/537.36" "-"
47.63.232.0 - - [15/May/2023:14:23:09 +0200] "GET /BackEnd/API/Race/GetRaceOfChampionshipID.php?raceChampionshipID=13 HTTP/1.1" 200 1284 gt3prostats.com "http://gt3prostats.com/championshipPage.html?id=13" "Mozilla/5.0 (Linux; Android 6.0; Nexus 5 Build/MRA58N) AppleWebKit/537.36 (KHTML, like Gecko) Chrome/113.0.0.0 Mobile Safari/537.36" "-"
37.132.72.0 - - [15/May/2023:14:23:19 +0200] "GET /BackEnd/API/Championship/GetAllChampionship.php HTTP/1.1" 200 1743 gt3prostats.com "http://gt3prostats.com/championships.html" "Mozilla/5.0 (Windows NT 10.0; Win64; x64) AppleWebKit/537.36 (KHTML, like Gecko) Chrome/112.0.0.0 Safari/537.36" "-"
37.132.72.0 - - [15/May/2023:14:23:22 +0200] "GET /BackEnd/API/Race/getAllRace.php HTTP/1.1" 200 7148 gt3prostats.com "http://gt3prostats.com/index.html" "Mozilla/5.0 (Windows NT 10.0; Win64; x64) AppleWebKit/537.36 (KHTML, like Gecko) Chrome/112.0.0.0 Safari/537.36" "-"
37.132.72.0 - - [15/May/2023:14:23:25 +0200] "GET /BackEnd/API/Championship/GetAllChampionship.php HTTP/1.1" 200 1743 gt3prostats.com "http://gt3prostats.com/championships.html" "Mozilla/5.0 (Windows NT 10.0; Win64; x64) AppleWebKit/537.36 (KHTML, like Gecko) Chrome/112.0.0.0 Safari/537.36" "-"
37.132.72.0 - - [15/May/2023:14:23:29 +0200] "GET /js/index.js HTTP/1.1" 304 - gt3prostats.com "http://gt3prostats.com/index.html" "Mozilla/5.0 (Windows NT 10.0; Win64; x64) AppleWebKit/537.36 (KHTML, like Gecko) Chrome/112.0.0.0 Safari/537.36" "-"
37.132.72.0 - - [15/May/2023:14:23:30 +0200] "GET /BackEnd/API/Race/getAllRace.php HTTP/1.1" 200 7148 gt3prostats.com "http://gt3prostats.com/index.html" "Mozilla/5.0 (Windows NT 10.0; Win64; x64) AppleWebKit/537.36 (KHTML, like Gecko) Chrome/112.0.0.0 Safari/537.36" "-"
37.132.72.0 - - [15/May/2023:14:23:40 +0200] "GET /ClienteSide/styles/styles.css HTTP/1.1" 404 596 gt3prostats.com "http://gt3prostats.com/AdminSide/Login/Login.html" "Mozilla/5.0 (Windows NT 10.0; Win64; x64) AppleWebKit/537.36 (KHTML, like Gecko) Chrome/112.0.0.0 Safari/537.36" "-"
37.132.72.0 - - [15/May/2023:14:23:40 +0200] "POST /AdminSide/admin/navbar.html HTTP/1.1" 404 596 gt3prostats.com "http://gt3prostats.com/AdminSide/Login/Login.html" "Mozilla/5.0 (Windows NT 10.0; Win64; x64) AppleWebKit/537.36 (KHTML, like Gecko) Chrome/112.0.0.0 Safari/537.36" "-"
37.132.72.0 - - [15/May/2023:14:25:41 +0200] "GET /BackEnd/API/Championship/GetAllChampionship.php HTTP/1.1" 200 1743 gt3prostats.com "http://gt3prostats.com/championships.html" "Mozilla/5.0 (Windows NT 10.0; Win64; x64) AppleWebKit/537.36 (KHTML, like Gecko) Chrome/112.0.0.0 Safari/537.36" "-"
37.132.72.0 - - [15/May/2023:14:25:55 +0200] "GET /js/ranking.js HTTP/1.1" 304 - gt3prostats.com "http://gt3prostats.com/ranking.html" "Mozilla/5.0 (Windows NT 10.0; Win64; x64) AppleWebKit/537.36 (KHTML, like Gecko) Chrome/112.0.0.0 Safari/537.36" "-"
37.132.72.0 - - [15/May/2023:14:25:55 +0200] "GET /BackEnd/API/Driver/getAllDriver.php HTTP/1.1" 200 6377 gt3prostats.com "http://gt3prostats.com/ranking.html" "Mozilla/5.0 (Windows NT 10.0; Win64; x64) AppleWebKit/537.36 (KHTML, like Gecko) Chrome/112.0.0.0 Safari/537.36" "-"
37.132.72.0 - - [15/May/2023:14:26:00 +0200] "GET /js/calendar.js HTTP/1.1" 304 - gt3prostats.com "http://gt3prostats.com/calendar.html" "Mozilla/5.0 (Windows NT 10.0; Win64; x64) AppleWebKit/537.36 (KHTML, like Gecko) Chrome/112.0.0.0 Safari/537.36" "-"
37.132.72.0 - - [15/May/2023:14:26:00 +0200] "GET /BackEnd/API/Race/getAllRace.php HTTP/1.1" 200 7148 gt3prostats.com "http://gt3prostats.com/calendar.html" "Mozilla/5.0 (Windows NT 10.0; Win64; x64) AppleWebKit/537.36 (KHTML, like Gecko) Chrome/112.0.0.0 Safari/537.36" "-"
47.63.232.0 - - [15/May/2023:14:26:09 +0200] "GET /js/championships.js HTTP/1.1" 304 - gt3prostats.com "http://gt3prostats.com/championships.html" "Mozilla/5.0 (Linux; Android 6.0; Nexus 5 Build/MRA58N) AppleWebKit/537.36 (KHTML, like Gecko) Chrome/113.0.0.0 Mobile Safari/537.36" "-"
47.63.232.0 - - [15/May/2023:14:26:09 +0200] "GET /BackEnd/API/Championship/GetAllChampionship.php HTTP/1.1" 200 1743 gt3prostats.com "http://gt3prostats.com/championships.html" "Mozilla/5.0 (Linux; Android 6.0; Nexus 5 Build/MRA58N) AppleWebKit/537.36 (KHTML, like Gecko) Chrome/113.0.0.0 Mobile Safari/537.36" "-"
47.63.232.0 - - [15/May/2023:14:26:11 +0200] "GET /BackEnd/API/Championship/GetAllChampionship.php HTTP/1.1" 200 1743 gt3prostats.com "http://gt3prostats.com/championships.html" "Mozilla/5.0 (Linux; Android 6.0; Nexus 5 Build/MRA58N) AppleWebKit/537.36 (KHTML, like Gecko) Chrome/113.0.0.0 Mobile Safari/537.36" "-"
47.63.232.0 - - [15/May/2023:14:26:11 +0200] "GET /BackEnd/API/Championship/GetAllChampionship.php HTTP/1.1" 200 1743 gt3prostats.com "http://gt3prostats.com/championships.html" "Mozilla/5.0 (Linux; Android 6.0; Nexus 5 Build/MRA58N) AppleWebKit/537.36 (KHTML, like Gecko) Chrome/113.0.0.0 Mobile Safari/537.36" "-"
47.63.232.0 - - [15/May/2023:14:26:12 +0200] "GET /BackEnd/API/Championship/GetAllChampionship.php HTTP/1.1" 200 1743 gt3prostats.com "http://gt3prostats.com/championships.html" "Mozilla/5.0 (Linux; Android 6.0; Nexus 5 Build/MRA58N) AppleWebKit/537.36 (KHTML, like Gecko) Chrome/113.0.0.0 Mobile Safari/537.36" "-"
47.63.232.0 - - [15/May/2023:14:26:13 +0200] "GET /BackEnd/API/Championship/GetAllChampionship.php HTTP/1.1" 200 1743 gt3prostats.com "http://gt3prostats.com/championships.html" "Mozilla/5.0 (Linux; Android 6.0; Nexus 5 Build/MRA58N) AppleWebKit/537.36 (KHTML, like Gecko) Chrome/113.0.0.0 Mobile Safari/537.36" "-"
47.63.232.0 - - [15/May/2023:14:26:14 +0200] "GET /js/ranking.js HTTP/1.1" 304 - gt3prostats.com "http://gt3prostats.com/ranking.html" "Mozilla/5.0 (Linux; Android 6.0; Nexus 5 Build/MRA58N) AppleWebKit/537.36 (KHTML, like Gecko) Chrome/113.0.0.0 Mobile Safari/537.36" "-"
47.63.232.0 - - [15/May/2023:14:26:15 +0200] "GET /BackEnd/API/Driver/getAllDriver.php HTTP/1.1" 200 6377 gt3prostats.com "http://gt3prostats.com/ranking.html" "Mozilla/5.0 (Linux; Android 6.0; Nexus 5 Build/MRA58N) AppleWebKit/537.36 (KHTML, like Gecko) Chrome/113.0.0.0 Mobile Safari/537.36" "-"
47.63.232.0 - - [15/May/2023:14:26:16 +0200] "GET /BackEnd/API/Championship/GetAllChampionship.php HTTP/1.1" 200 1743 gt3prostats.com "http://gt3prostats.com/championships.html" "Mozilla/5.0 (Linux; Android 6.0; Nexus 5 Build/MRA58N) AppleWebKit/537.36 (KHTML, like Gecko) Chrome/113.0.0.0 Mobile Safari/537.36" "-"
47.63.232.0 - - [15/May/2023:14:26:17 +0200] "GET /js/championshipPage.js HTTP/1.1" 304 - gt3prostats.com "http://gt3prostats.com/championshipPage.html?id=13" "Mozilla/5.0 (Linux; Android 6.0; Nexus 5 Build/MRA58N) AppleWebKit/537.36 (KHTML, like Gecko) Chrome/113.0.0.0 Mobile Safari/537.36" "-"
47.63.232.0 - - [15/May/2023:14:26:17 +0200] "GET /BackEnd/API/ChampionshipEntry/GetChampionshipEntryByChampionshipID.php?ChampionshipID=13 HTTP/1.1" 200 5843 gt3prostats.com "http://gt3prostats.com/championshipPage.html?id=13" "Mozilla/5.0 (Linux; Android 6.0; Nexus 5 Build/MRA58N) AppleWebKit/537.36 (KHTML, like Gecko) Chrome/113.0.0.0 Mobile Safari/537.36" "-"
47.63.232.0 - - [15/May/2023:14:26:17 +0200] "GET /BackEnd/API/Race/GetRaceOfChampionshipID.php?raceChampionshipID=13 HTTP/1.1" 200 1284 gt3prostats.com "http://gt3prostats.com/championshipPage.html?id=13" "Mozilla/5.0 (Linux; Android 6.0; Nexus 5 Build/MRA58N) AppleWebKit/537.36 (KHTML, like Gecko) Chrome/113.0.0.0 Mobile Safari/537.36" "-"
37.132.72.0 - - [15/May/2023:14:26:20 +0200] "GET /js/index.js HTTP/1.1" 304 - gt3prostats.com "http://gt3prostats.com/index.html" "Mozilla/5.0 (Windows NT 10.0; Win64; x64) AppleWebKit/537.36 (KHTML, like Gecko) Chrome/112.0.0.0 Safari/537.36" "-"
37.132.72.0 - - [15/May/2023:14:26:20 +0200] "GET /BackEnd/API/Race/getAllRace.php HTTP/1.1" 200 7148 gt3prostats.com "http://gt3prostats.com/index.html" "Mozilla/5.0 (Windows NT 10.0; Win64; x64) AppleWebKit/537.36 (KHTML, like Gecko) Chrome/112.0.0.0 Safari/537.36" "-"
47.63.232.0 - - [15/May/2023:14:26:22 +0200] "GET /BackEnd/API/RaceResult/GetRaceResultByRaceID.php?raceID=43 HTTP/1.1" 200 5220 gt3prostats.com "http://gt3prostats.com/championshipPage.html?id=13" "Mozilla/5.0 (Linux; Android 6.0; Nexus 5 Build/MRA58N) AppleWebKit/537.36 (KHTML, like Gecko) Chrome/113.0.0.0 Mobile Safari/537.36" "-"
37.132.72.0 - - [15/May/2023:14:26:25 +0200] "GET /ClienteSide/styles/styles.css HTTP/1.1" 404 596 gt3prostats.com "http://gt3prostats.com/AdminSide/Login/Login.html" "Mozilla/5.0 (Windows NT 10.0; Win64; x64) AppleWebKit/537.36 (KHTML, like Gecko) Chrome/112.0.0.0 Safari/537.36" "-"
37.132.72.0 - - [15/May/2023:14:26:25 +0200] "GET /AdminSide/Login/login.js HTTP/1.1" 304 - gt3prostats.com "http://gt3prostats.com/AdminSide/Login/Login.html" "Mozilla/5.0 (Windows NT 10.0; Win64; x64) AppleWebKit/537.36 (KHTML, like Gecko) Chrome/112.0.0.0 Safari/537.36" "-"
37.132.72.0 - - [15/May/2023:14:26:25 +0200] "POST /AdminSide/admin/navbar.html HTTP/1.1" 404 596 gt3prostats.com "http://gt3prostats.com/AdminSide/Login/Login.html" "Mozilla/5.0 (Windows NT 10.0; Win64; x64) AppleWebKit/537.36 (KHTML, like Gecko) Chrome/112.0.0.0 Safari/537.36" "-"
47.63.232.0 - - [15/May/2023:14:26:26 +0200] "GET /js/calendar.js HTTP/1.1" 304 - gt3prostats.com "http://gt3prostats.com/calendar.html" "Mozilla/5.0 (Linux; Android 6.0; Nexus 5 Build/MRA58N) AppleWebKit/537.36 (KHTML, like Gecko) Chrome/113.0.0.0 Mobile Safari/537.36" "-"
47.63.232.0 - - [15/May/2023:14:26:27 +0200] "GET /BackEnd/API/Race/getAllRace.php HTTP/1.1" 200 7148 gt3prostats.com "http://gt3prostats.com/calendar.html" "Mozilla/5.0 (Linux; Android 6.0; Nexus 5 Build/MRA58N) AppleWebKit/537.36 (KHTML, like Gecko) Chrome/113.0.0.0 Mobile Safari/537.36" "-"
37.132.72.0 - - [15/May/2023:14:26:33 +0200] "GET /js/championships.js HTTP/1.1" 304 - gt3prostats.com "http://gt3prostats.com/championships.html" "Mozilla/5.0 (Windows NT 10.0; Win64; x64) AppleWebKit/537.36 (KHTML, like Gecko) Chrome/112.0.0.0 Safari/537.36" "-"
37.132.72.0 - - [15/May/2023:14:26:33 +0200] "GET /BackEnd/API/Championship/GetAllChampionship.php HTTP/1.1" 200 1743 gt3prostats.com "http://gt3prostats.com/championships.html" "Mozilla/5.0 (Windows NT 10.0; Win64; x64) AppleWebKit/537.36 (KHTML, like Gecko) Chrome/112.0.0.0 Safari/537.36" "-"
47.63.232.0 - - [15/May/2023:14:27:13 +0200] "GET /js/bootstrap.bundle.js HTTP/1.1" 304 - gt3prostats.com "http://gt3prostats.com/championships.html" "Mozilla/5.0 (Linux; Android 6.0; Nexus 5 Build/MRA58N) AppleWebKit/537.36 (KHTML, like Gecko) Chrome/113.0.0.0 Mobile Safari/537.36" "-"
47.63.232.0 - - [15/May/2023:14:27:13 +0200] "GET /styles/styles.css HTTP/1.1" 304 - gt3prostats.com "http://gt3prostats.com/championships.html" "Mozilla/5.0 (Linux; Android 6.0; Nexus 5 Build/MRA58N) AppleWebKit/537.36 (KHTML, like Gecko) Chrome/113.0.0.0 Mobile Safari/537.36" "-"
47.63.232.0 - - [15/May/2023:14:27:13 +0200] "GET /styles/styles.css.map HTTP/1.1" 304 - gt3prostats.com "-" "Mozilla/5.0 (Windows NT 10.0; Win64; x64) AppleWebKit/537.36 (KHTML, like Gecko) Chrome/113.0.0.0 Safari/537.36" "-"
47.63.232.0 - - [15/May/2023:14:27:13 +0200] "GET /js/bootstrap.bundle.js.map HTTP/1.1" 304 - gt3prostats.com "-" "Mozilla/5.0 (Windows NT 10.0; Win64; x64) AppleWebKit/537.36 (KHTML, like Gecko) Chrome/113.0.0.0 Safari/537.36" "-"
47.63.232.0 - - [15/May/2023:14:27:13 +0200] "GET /NavBar.html HTTP/1.1" 304 - gt3prostats.com "http://gt3prostats.com/championships.html" "Mozilla/5.0 (Linux; Android 6.0; Nexus 5 Build/MRA58N) AppleWebKit/537.36 (KHTML, like Gecko) Chrome/113.0.0.0 Mobile Safari/537.36" "-"
47.63.232.0 - - [15/May/2023:14:27:13 +0200] "GET /img/Logo%20150x150.png HTTP/1.1" 304 - gt3prostats.com "http://gt3prostats.com/championships.html" "Mozilla/5.0 (Linux; Android 6.0; Nexus 5 Build/MRA58N) AppleWebKit/537.36 (KHTML, like Gecko) Chrome/113.0.0.0 Mobile Safari/537.36" "-"
47.63.232.0 - - [15/May/2023:14:27:13 +0200] "GET /BackEnd/API/Championship/GetAllChampionship.php HTTP/1.1" 200 1743 gt3prostats.com "http://gt3prostats.com/championships.html" "Mozilla/5.0 (Linux; Android 6.0; Nexus 5 Build/MRA58N) AppleWebKit/537.36 (KHTML, like Gecko) Chrome/113.0.0.0 Mobile Safari/537.36" "-"
47.63.232.0 - - [15/May/2023:14:27:16 +0200] "GET /node_modules/jquery/dist/jquery.js HTTP/1.1" 304 - gt3prostats.com "http://gt3prostats.com/championships.html" "Mozilla/5.0 (Linux; Android 6.0; Nexus 5 Build/MRA58N) AppleWebKit/537.36 (KHTML, like Gecko) Chrome/113.0.0.0 Mobile Safari/537.36" "-"
47.63.232.0 - - [15/May/2023:14:27:16 +0200] "GET /BackEnd/API/Championship/GetAllChampionship.php HTTP/1.1" 200 1743 gt3prostats.com "http://gt3prostats.com/championships.html" "Mozilla/5.0 (Linux; Android 6.0; Nexus 5 Build/MRA58N) AppleWebKit/537.36 (KHTML, like Gecko) Chrome/113.0.0.0 Mobile Safari/537.36" "-"
37.132.72.0 - - [15/May/2023:14:27:18 +0200] "GET /BackEnd/API/Race/getAllRace.php HTTP/1.1" 200 7148 gt3prostats.com "http://gt3prostats.com/index.html" "Mozilla/5.0 (Windows NT 10.0; Win64; x64) AppleWebKit/537.36 (KHTML, like Gecko) Chrome/112.0.0.0 Safari/537.36" "-"
47.63.232.0 - - [15/May/2023:14:27:26 +0200] "GET /index.html HTTP/1.1" 304 - gt3prostats.com "http://gt3prostats.com/championships.html" "Mozilla/5.0 (Linux; Android 6.0; Nexus 5 Build/MRA58N) AppleWebKit/537.36 (KHTML, like Gecko) Chrome/113.0.0.0 Mobile Safari/537.36" "-"
47.63.232.0 - - [15/May/2023:14:27:26 +0200] "GET /js/index.js HTTP/1.1" 304 - gt3prostats.com "http://gt3prostats.com/index.html" "Mozilla/5.0 (Linux; Android 6.0; Nexus 5 Build/MRA58N) AppleWebKit/537.36 (KHTML, like Gecko) Chrome/113.0.0.0 Mobile Safari/537.36" "-"
47.63.232.0 - - [15/May/2023:14:27:26 +0200] "GET /img/ad43841c918252f40bd779c7d9ce9703.jpg HTTP/1.1" 304 - gt3prostats.com "http://gt3prostats.com/index.html" "Mozilla/5.0 (Linux; Android 6.0; Nexus 5 Build/MRA58N) AppleWebKit/537.36 (KHTML, like Gecko) Chrome/113.0.0.0 Mobile Safari/537.36" "-"
47.63.232.0 - - [15/May/2023:14:27:26 +0200] "GET /img/A223021_large.jpg HTTP/1.1" 304 - gt3prostats.com "http://gt3prostats.com/index.html" "Mozilla/5.0 (Linux; Android 6.0; Nexus 5 Build/MRA58N) AppleWebKit/537.36 (KHTML, like Gecko) Chrome/113.0.0.0 Mobile Safari/537.36" "-"
47.63.232.0 - - [15/May/2023:14:27:26 +0200] "GET /BackEnd/API/Race/getAllRace.php HTTP/1.1" 200 7148 gt3prostats.com "http://gt3prostats.com/index.html" "Mozilla/5.0 (Linux; Android 6.0; Nexus 5 Build/MRA58N) AppleWebKit/537.36 (KHTML, like Gecko) Chrome/113.0.0.0 Mobile Safari/537.36" "-"
47.63.232.0 - - [15/May/2023:14:27:27 +0200] "GET /ranking.html HTTP/1.1" 304 - gt3prostats.com "http://gt3prostats.com/index.html" "Mozilla/5.0 (Linux; Android 6.0; Nexus 5 Build/MRA58N) AppleWebKit/537.36 (KHTML, like Gecko) Chrome/113.0.0.0 Mobile Safari/537.36" "-"
47.63.232.0 - - [15/May/2023:14:27:27 +0200] "GET /BackEnd/API/Driver/getAllDriver.php HTTP/1.1" 200 6377 gt3prostats.com "http://gt3prostats.com/ranking.html" "Mozilla/5.0 (Linux; Android 6.0; Nexus 5 Build/MRA58N) AppleWebKit/537.36 (KHTML, like Gecko) Chrome/113.0.0.0 Mobile Safari/537.36" "-"
37.132.72.0 - - [15/May/2023:14:27:29 +0200] "GET /BackEnd/API/Championship/GetAllChampionship.php HTTP/1.1" 200 1743 gt3prostats.com "http://gt3prostats.com/championships.html" "Mozilla/5.0 (Windows NT 10.0; Win64; x64) AppleWebKit/537.36 (KHTML, like Gecko) Chrome/112.0.0.0 Safari/537.36" "-"
37.132.72.0 - - [15/May/2023:14:27:31 +0200] "GET /BackEnd/API/Championship/GetAllChampionship.php HTTP/1.1" 200 1743 gt3prostats.com "http://gt3prostats.com/championships.html" "Mozilla/5.0 (Windows NT 10.0; Win64; x64) AppleWebKit/537.36 (KHTML, like Gecko) Chrome/112.0.0.0 Safari/537.36" "-"
47.63.232.0 - - [15/May/2023:14:31:25 +0200] "GET /calendar.html HTTP/1.1" 304 - gt3prostats.com "http://gt3prostats.com/ranking.html" "Mozilla/5.0 (Linux; Android 6.0; Nexus 5 Build/MRA58N) AppleWebKit/537.36 (KHTML, like Gecko) Chrome/113.0.0.0 Mobile Safari/537.36" "-"
47.63.232.0 - - [15/May/2023:14:31:26 +0200] "GET /node_modules/fullcalendar-scheduler/index.global.min.js HTTP/1.1" 304 - gt3prostats.com "http://gt3prostats.com/calendar.html" "Mozilla/5.0 (Linux; Android 6.0; Nexus 5 Build/MRA58N) AppleWebKit/537.36 (KHTML, like Gecko) Chrome/113.0.0.0 Mobile Safari/537.36" "-"
47.63.232.0 - - [15/May/2023:14:31:26 +0200] "GET /js/calendar.js HTTP/1.1" 304 - gt3prostats.com "http://gt3prostats.com/calendar.html" "Mozilla/5.0 (Linux; Android 6.0; Nexus 5 Build/MRA58N) AppleWebKit/537.36 (KHTML, like Gecko) Chrome/113.0.0.0 Mobile Safari/537.36" "-"
47.63.232.0 - - [15/May/2023:14:31:26 +0200] "GET /BackEnd/API/Race/getAllRace.php HTTP/1.1" 200 7148 gt3prostats.com "http://gt3prostats.com/calendar.html" "Mozilla/5.0 (Linux; Android 6.0; Nexus 5 Build/MRA58N) AppleWebKit/537.36 (KHTML, like Gecko) Chrome/113.0.0.0 Mobile Safari/537.36" "-"
47.63.232.0 - - [15/May/2023:14:31:28 +0200] "GET /js/ranking.js HTTP/1.1" 304 - gt3prostats.com "http://gt3prostats.com/ranking.html" "Mozilla/5.0 (Linux; Android 6.0; Nexus 5 Build/MRA58N) AppleWebKit/537.36 (KHTML, like Gecko) Chrome/113.0.0.0 Mobile Safari/537.36" "-"
47.63.232.0 - - [15/May/2023:14:31:28 +0200] "GET /BackEnd/API/Driver/getAllDriver.php HTTP/1.1" 200 6377 gt3prostats.com "http://gt3prostats.com/ranking.html" "Mozilla/5.0 (Linux; Android 6.0; Nexus 5 Build/MRA58N) AppleWebKit/537.36 (KHTML, like Gecko) Chrome/113.0.0.0 Mobile Safari/537.36" "-"
47.63.232.0 - - [15/May/2023:14:31:30 +0200] "GET /championships.html HTTP/1.1" 304 - gt3prostats.com "http://gt3prostats.com/ranking.html" "Mozilla/5.0 (Linux; Android 6.0; Nexus 5 Build/MRA58N) AppleWebKit/537.36 (KHTML, like Gecko) Chrome/113.0.0.0 Mobile Safari/537.36" "-"
47.63.232.0 - - [15/May/2023:14:31:30 +0200] "GET /js/championships.js HTTP/1.1" 304 - gt3prostats.com "http://gt3prostats.com/championships.html" "Mozilla/5.0 (Linux; Android 6.0; Nexus 5 Build/MRA58N) AppleWebKit/537.36 (KHTML, like Gecko) Chrome/113.0.0.0 Mobile Safari/537.36" "-"
47.63.232.0 - - [15/May/2023:14:31:31 +0200] "GET /BackEnd/API/Championship/GetAllChampionship.php HTTP/1.1" 200 1743 gt3prostats.com "http://gt3prostats.com/championships.html" "Mozilla/5.0 (Linux; Android 6.0; Nexus 5 Build/MRA58N) AppleWebKit/537.36 (KHTML, like Gecko) Chrome/113.0.0.0 Mobile Safari/537.36" "-"
47.63.232.0 - - [15/May/2023:14:31:33 +0200] "GET /js/index.js HTTP/1.1" 304 - gt3prostats.com "http://gt3prostats.com/index.html" "Mozilla/5.0 (Linux; Android 6.0; Nexus 5 Build/MRA58N) AppleWebKit/537.36 (KHTML, like Gecko) Chrome/113.0.0.0 Mobile Safari/537.36" "-"
47.63.232.0 - - [15/May/2023:14:31:33 +0200] "GET /BackEnd/API/Race/getAllRace.php HTTP/1.1" 200 7148 gt3prostats.com "http://gt3prostats.com/index.html" "Mozilla/5.0 (Linux; Android 6.0; Nexus 5 Build/MRA58N) AppleWebKit/537.36 (KHTML, like Gecko) Chrome/113.0.0.0 Mobile Safari/537.36" "-"
47.63.232.0 - - [15/May/2023:14:31:46 +0200] "GET /BackEnd/API/Championship/GetAllChampionship.php HTTP/1.1" 200 1743 gt3prostats.com "http://gt3prostats.com/championships.html" "Mozilla/5.0 (Linux; Android 6.0; Nexus 5 Build/MRA58N) AppleWebKit/537.36 (KHTML, like Gecko) Chrome/113.0.0.0 Mobile Safari/537.36" "-"
47.63.232.0 - - [15/May/2023:14:31:48 +0200] "GET /BackEnd/API/Race/getAllRace.php HTTP/1.1" 200 7148 gt3prostats.com "http://gt3prostats.com/index.html" "Mozilla/5.0 (Linux; Android 6.0; Nexus 5 Build/MRA58N) AppleWebKit/537.36 (KHTML, like Gecko) Chrome/113.0.0.0 Mobile Safari/537.36" "-"
47.63.232.0 - - [15/May/2023:14:31:49 +0200] "GET /AdminSide/Login/Login.html HTTP/1.1" 304 - gt3prostats.com "http://gt3prostats.com/index.html" "Mozilla/5.0 (Linux; Android 6.0; Nexus 5 Build/MRA58N) AppleWebKit/537.36 (KHTML, like Gecko) Chrome/113.0.0.0 Mobile Safari/537.36" "-"
47.63.232.0 - - [15/May/2023:14:31:49 +0200] "GET /ClienteSide/styles/styles.css HTTP/1.1" 404 596 gt3prostats.com "http://gt3prostats.com/AdminSide/Login/Login.html" "Mozilla/5.0 (Linux; Android 6.0; Nexus 5 Build/MRA58N) AppleWebKit/537.36 (KHTML, like Gecko) Chrome/113.0.0.0 Mobile Safari/537.36" "-"
47.63.232.0 - - [15/May/2023:14:31:49 +0200] "GET /node_modules/bootstrap/dist/js/bootstrap.js HTTP/1.1" 304 - gt3prostats.com "http://gt3prostats.com/AdminSide/Login/Login.html" "Mozilla/5.0 (Linux; Android 6.0; Nexus 5 Build/MRA58N) AppleWebKit/537.36 (KHTML, like Gecko) Chrome/113.0.0.0 Mobile Safari/537.36" "-"
47.63.232.0 - - [15/May/2023:14:31:49 +0200] "GET /AdminSide/Login/login.js HTTP/1.1" 304 - gt3prostats.com "http://gt3prostats.com/AdminSide/Login/Login.html" "Mozilla/5.0 (Linux; Android 6.0; Nexus 5 Build/MRA58N) AppleWebKit/537.36 (KHTML, like Gecko) Chrome/113.0.0.0 Mobile Safari/537.36" "-"
47.63.232.0 - - [15/May/2023:14:31:49 +0200] "POST /AdminSide/admin/navbar.html HTTP/1.1" 404 596 gt3prostats.com "http://gt3prostats.com/AdminSide/Login/Login.html" "Mozilla/5.0 (Linux; Android 6.0; Nexus 5 Build/MRA58N) AppleWebKit/537.36 (KHTML, like Gecko) Chrome/113.0.0.0 Mobile Safari/537.36" "-"
47.63.232.0 - - [15/May/2023:14:31:49 +0200] "GET /node_modules/bootstrap/dist/js/bootstrap.js.map HTTP/1.1" 200 309348 gt3prostats.com "-" "Mozilla/5.0 (Windows NT 10.0; Win64; x64) AppleWebKit/537.36 (KHTML, like Gecko) Chrome/113.0.0.0 Safari/537.36" "-"
47.63.232.0 - - [15/May/2023:14:34:58 +0200] "GET /AdminSide/Login/Login.html HTTP/1.1" 200 1619 gt3prostats.com "http://gt3prostats.com/index.html" "Mozilla/5.0 (Linux; Android 6.0; Nexus 5 Build/MRA58N) AppleWebKit/537.36 (KHTML, like Gecko) Chrome/113.0.0.0 Mobile Safari/537.36" "-"
47.63.232.0 - - [15/May/2023:14:34:58 +0200] "GET /styles/styles.css HTTP/1.1" 304 - gt3prostats.com "http://gt3prostats.com/AdminSide/Login/Login.html" "Mozilla/5.0 (Linux; Android 6.0; Nexus 5 Build/MRA58N) AppleWebKit/537.36 (KHTML, like Gecko) Chrome/113.0.0.0 Mobile Safari/537.36" "-"
47.63.232.0 - - [15/May/2023:14:34:58 +0200] "GET /node_modules/jquery/dist/jquery.js HTTP/1.1" 304 - gt3prostats.com "http://gt3prostats.com/AdminSide/Login/Login.html" "Mozilla/5.0 (Linux; Android 6.0; Nexus 5 Build/MRA58N) AppleWebKit/537.36 (KHTML, like Gecko) Chrome/113.0.0.0 Mobile Safari/537.36" "-"
47.63.232.0 - - [15/May/2023:14:34:58 +0200] "GET /styles/styles.css.map HTTP/1.1" 304 - gt3prostats.com "-" "Mozilla/5.0 (Windows NT 10.0; Win64; x64) AppleWebKit/537.36 (KHTML, like Gecko) Chrome/113.0.0.0 Safari/537.36" "-"
47.63.232.0 - - [15/May/2023:14:34:58 +0200] "POST /AdminSide/admin/navbar.html HTTP/1.1" 404 596 gt3prostats.com "http://gt3prostats.com/AdminSide/Login/Login.html" "Mozilla/5.0 (Linux; Android 6.0; Nexus 5 Build/MRA58N) AppleWebKit/537.36 (KHTML, like Gecko) Chrome/113.0.0.0 Mobile Safari/537.36" "-"
47.63.232.0 - - [15/May/2023:14:35:01 +0200] "GET /AdminSide/admin/navbar.html HTTP/1.1" 301 258 gt3prostats.com "-" "Mozilla/5.0 (Windows NT 10.0; Win64; x64) AppleWebKit/537.36 (KHTML, like Gecko) Chrome/113.0.0.0 Safari/537.36" "-"
47.63.232.0 - - [15/May/2023:14:35:01 +0200] "GET /AdminSide/Admin/navbar.html HTTP/1.1" 301 258 gt3prostats.com "-" "Mozilla/5.0 (Windows NT 10.0; Win64; x64) AppleWebKit/537.36 (KHTML, like Gecko) Chrome/113.0.0.0 Safari/537.36" "-"
47.63.232.0 - - [15/May/2023:14:35:01 +0200] "GET /AdminSide/Admin/NavBar.html HTTP/1.1" 200 2585 gt3prostats.com "-" "Mozilla/5.0 (Windows NT 10.0; Win64; x64) AppleWebKit/537.36 (KHTML, like Gecko) Chrome/113.0.0.0 Safari/537.36" "-"
47.63.232.0 - - [15/May/2023:14:35:01 +0200] "GET /img/Logo%20150x150.png HTTP/1.1" 304 - gt3prostats.com "http://gt3prostats.com/AdminSide/Admin/NavBar.html" "Mozilla/5.0 (Windows NT 10.0; Win64; x64) AppleWebKit/537.36 (KHTML, like Gecko) Chrome/113.0.0.0 Safari/537.36" "-"
47.63.232.0 - - [15/May/2023:14:35:01 +0200] "GET /favicon.ico HTTP/1.1" 404 596 gt3prostats.com "http://gt3prostats.com/AdminSide/Admin/NavBar.html" "Mozilla/5.0 (Windows NT 10.0; Win64; x64) AppleWebKit/537.36 (KHTML, like Gecko) Chrome/113.0.0.0 Safari/537.36" "-"
47.63.232.0 - - [15/May/2023:14:35:23 +0200] "GET /AdminSide/Login/Login.html HTTP/1.1" 304 - gt3prostats.com "http://gt3prostats.com/index.html" "Mozilla/5.0 (Linux; Android 6.0; Nexus 5 Build/MRA58N) AppleWebKit/537.36 (KHTML, like Gecko) Chrome/113.0.0.0 Mobile Safari/537.36" "-"
47.63.232.0 - - [15/May/2023:14:35:23 +0200] "POST /AdminSide/admin/navbar.html HTTP/1.1" 404 596 gt3prostats.com "http://gt3prostats.com/AdminSide/Login/Login.html" "Mozilla/5.0 (Linux; Android 6.0; Nexus 5 Build/MRA58N) AppleWebKit/537.36 (KHTML, like Gecko) Chrome/113.0.0.0 Mobile Safari/537.36" "-"
47.63.232.0 - - [15/May/2023:14:35:32 +0200] "GET /AdminSide/Login/Login.html HTTP/1.1" 200 1619 gt3prostats.com "http://gt3prostats.com/index.html" "Mozilla/5.0 (Linux; Android 6.0; Nexus 5 Build/MRA58N) AppleWebKit/537.36 (KHTML, like Gecko) Chrome/113.0.0.0 Mobile Safari/537.36" "-"
47.63.232.0 - - [15/May/2023:14:35:32 +0200] "GET /styles/styles.css HTTP/1.1" 200 234205 gt3prostats.com "http://gt3prostats.com/AdminSide/Login/Login.html" "Mozilla/5.0 (Linux; Android 6.0; Nexus 5 Build/MRA58N) AppleWebKit/537.36 (KHTML, like Gecko) Chrome/113.0.0.0 Mobile Safari/537.36" "-"
47.63.232.0 - - [15/May/2023:14:35:32 +0200] "GET /node_modules/jquery/dist/jquery.js HTTP/1.1" 200 304664 gt3prostats.com "http://gt3prostats.com/AdminSide/Login/Login.html" "Mozilla/5.0 (Linux; Android 6.0; Nexus 5 Build/MRA58N) AppleWebKit/537.36 (KHTML, like Gecko) Chrome/113.0.0.0 Mobile Safari/537.36" "-"
47.63.232.0 - - [15/May/2023:14:35:32 +0200] "GET /node_modules/bootstrap/dist/js/bootstrap.js HTTP/1.1" 200 145543 gt3prostats.com "http://gt3prostats.com/AdminSide/Login/Login.html" "Mozilla/5.0 (Linux; Android 6.0; Nexus 5 Build/MRA58N) AppleWebKit/537.36 (KHTML, like Gecko) Chrome/113.0.0.0 Mobile Safari/537.36" "-"
47.63.232.0 - - [15/May/2023:14:35:32 +0200] "GET /AdminSide/Login/login.js HTTP/1.1" 200 1648 gt3prostats.com "http://gt3prostats.com/AdminSide/Login/Login.html" "Mozilla/5.0 (Linux; Android 6.0; Nexus 5 Build/MRA58N) AppleWebKit/537.36 (KHTML, like Gecko) Chrome/113.0.0.0 Mobile Safari/537.36" "-"
47.63.232.0 - - [15/May/2023:14:35:32 +0200] "GET /AdminSide/admin/navbar.html HTTP/1.1" 301 258 gt3prostats.com "http://gt3prostats.com/AdminSide/Login/Login.html" "Mozilla/5.0 (Linux; Android 6.0; Nexus 5 Build/MRA58N) AppleWebKit/537.36 (KHTML, like Gecko) Chrome/113.0.0.0 Mobile Safari/537.36" "-"
47.63.232.0 - - [15/May/2023:14:35:32 +0200] "GET /img/Logo%20150x150.png HTTP/1.1" 200 27138 gt3prostats.com "http://gt3prostats.com/AdminSide/Login/Login.html" "Mozilla/5.0 (Linux; Android 6.0; Nexus 5 Build/MRA58N) AppleWebKit/537.36 (KHTML, like Gecko) Chrome/113.0.0.0 Mobile Safari/537.36" "-"
47.63.232.0 - - [15/May/2023:14:35:32 +0200] "GET /AdminSide/Admin/navbar.html HTTP/1.1" 301 258 gt3prostats.com "http://gt3prostats.com/AdminSide/Login/Login.html" "Mozilla/5.0 (Linux; Android 6.0; Nexus 5 Build/MRA58N) AppleWebKit/537.36 (KHTML, like Gecko) Chrome/113.0.0.0 Mobile Safari/537.36" "-"
47.63.232.0 - - [15/May/2023:14:35:32 +0200] "GET /AdminSide/Admin/NavBar.html HTTP/1.1" 200 2585 gt3prostats.com "http://gt3prostats.com/AdminSide/Login/Login.html" "Mozilla/5.0 (Linux; Android 6.0; Nexus 5 Build/MRA58N) AppleWebKit/537.36 (KHTML, like Gecko) Chrome/113.0.0.0 Mobile Safari/537.36" "-"
47.63.232.0 - - [15/May/2023:14:35:36 +0200] "GET /AdminSide/Admin/adminHome.html HTTP/1.1" 200 1064 gt3prostats.com "http://gt3prostats.com/AdminSide/Login/Login.html" "Mozilla/5.0 (Linux; Android 6.0; Nexus 5 Build/MRA58N) AppleWebKit/537.36 (KHTML, like Gecko) Chrome/113.0.0.0 Mobile Safari/537.36" "-"
47.63.232.0 - - [15/May/2023:14:35:36 +0200] "GET /AdminSide/Admin/AdminHome.js HTTP/1.1" 200 3441 gt3prostats.com "http://gt3prostats.com/AdminSide/Admin/adminHome.html" "Mozilla/5.0 (Linux; Android 6.0; Nexus 5 Build/MRA58N) AppleWebKit/537.36 (KHTML, like Gecko) Chrome/113.0.0.0 Mobile Safari/537.36" "-"
47.63.232.0 - - [15/May/2023:14:35:37 +0200] "POST /AdminSide/Admin/backend/api/Race/getAllRace.php HTTP/1.1" 404 596 gt3prostats.com "http://gt3prostats.com/AdminSide/Admin/adminHome.html" "Mozilla/5.0 (Linux; Android 6.0; Nexus 5 Build/MRA58N) AppleWebKit/537.36 (KHTML, like Gecko) Chrome/113.0.0.0 Mobile Safari/537.36" "-"
47.63.232.0 - - [15/May/2023:14:35:37 +0200] "GET /AdminSide/Login/Login.html HTTP/1.1" 304 - gt3prostats.com "http://gt3prostats.com/AdminSide/Admin/adminHome.html" "Mozilla/5.0 (Linux; Android 6.0; Nexus 5 Build/MRA58N) AppleWebKit/537.36 (KHTML, like Gecko) Chrome/113.0.0.0 Mobile Safari/537.36" "-"
47.63.232.0 - - [15/May/2023:14:35:37 +0200] "GET /AdminSide/Login/login.js HTTP/1.1" 304 - gt3prostats.com "http://gt3prostats.com/AdminSide/Login/Login.html" "Mozilla/5.0 (Linux; Android 6.0; Nexus 5 Build/MRA58N) AppleWebKit/537.36 (KHTML, like Gecko) Chrome/113.0.0.0 Mobile Safari/537.36" "-"
47.63.232.0 - - [15/May/2023:14:35:37 +0200] "GET /img/Logo%20150x150.png HTTP/1.1" 200 27138 gt3prostats.com "-" "Mozilla/5.0 (Windows NT 10.0; Win64; x64) AppleWebKit/537.36 (KHTML, like Gecko) Chrome/113.0.0.0 Safari/537.36" "-"
47.63.232.0 - - [15/May/2023:14:35:39 +0200] "GET /AdminSide/Team/TeamAdmin.html HTTP/1.1" 200 2128 gt3prostats.com "http://gt3prostats.com/AdminSide/Login/Login.html" "Mozilla/5.0 (Linux; Android 6.0; Nexus 5 Build/MRA58N) AppleWebKit/537.36 (KHTML, like Gecko) Chrome/113.0.0.0 Mobile Safari/537.36" "-"
47.63.232.0 - - [15/May/2023:14:35:39 +0200] "GET /ClienteSide/styles/styles.css HTTP/1.1" 404 596 gt3prostats.com "http://gt3prostats.com/AdminSide/Team/TeamAdmin.html" "Mozilla/5.0 (Linux; Android 6.0; Nexus 5 Build/MRA58N) AppleWebKit/537.36 (KHTML, like Gecko) Chrome/113.0.0.0 Mobile Safari/537.36" "-"
47.63.232.0 - - [15/May/2023:14:35:39 +0200] "GET /AdminSide/Team/TeamAdmin.js HTTP/1.1" 200 2127 gt3prostats.com "http://gt3prostats.com/AdminSide/Team/TeamAdmin.html" "Mozilla/5.0 (Linux; Android 6.0; Nexus 5 Build/MRA58N) AppleWebKit/537.36 (KHTML, like Gecko) Chrome/113.0.0.0 Mobile Safari/537.36" "-"
47.63.232.0 - - [15/May/2023:14:35:39 +0200] "GET /node_modules/bootstrap/dist/css/bootstrap.css HTTP/1.1" 200 237950 gt3prostats.com "http://gt3prostats.com/AdminSide/Team/TeamAdmin.html" "Mozilla/5.0 (Linux; Android 6.0; Nexus 5 Build/MRA58N) AppleWebKit/537.36 (KHTML, like Gecko) Chrome/113.0.0.0 Mobile Safari/537.36" "-"
47.63.232.0 - - [15/May/2023:14:35:39 +0200] "POST /AdminSide/Admin/Navbar.html HTTP/1.1" 404 596 gt3prostats.com "http://gt3prostats.com/AdminSide/Team/TeamAdmin.html" "Mozilla/5.0 (Linux; Android 6.0; Nexus 5 Build/MRA58N) AppleWebKit/537.36 (KHTML, like Gecko) Chrome/113.0.0.0 Mobile Safari/537.36" "-"
47.63.232.0 - - [15/May/2023:14:35:39 +0200] "GET /AdminSide/Login/Login.html HTTP/1.1" 304 - gt3prostats.com "http://gt3prostats.com/AdminSide/Team/TeamAdmin.html" "Mozilla/5.0 (Linux; Android 6.0; Nexus 5 Build/MRA58N) AppleWebKit/537.36 (KHTML, like Gecko) Chrome/113.0.0.0 Mobile Safari/537.36" "-"
47.63.232.0 - - [15/May/2023:14:35:39 +0200] "GET /AdminSide/Login/login.js HTTP/1.1" 304 - gt3prostats.com "http://gt3prostats.com/AdminSide/Login/Login.html" "Mozilla/5.0 (Linux; Android 6.0; Nexus 5 Build/MRA58N) AppleWebKit/537.36 (KHTML, like Gecko) Chrome/113.0.0.0 Mobile Safari/537.36" "-"
47.63.232.0 - - [15/May/2023:14:35:39 +0200] "GET /node_modules/bootstrap/dist/css/bootstrap.css.map HTTP/1.1" 200 608300 gt3prostats.com "-" "Mozilla/5.0 (Windows NT 10.0; Win64; x64) AppleWebKit/537.36 (KHTML, like Gecko) Chrome/113.0.0.0 Safari/537.36" "-"
47.63.232.0 - - [15/May/2023:14:35:48 +0200] "POST /AdminSide/Login/backend/api/login/login.php HTTP/1.1" 404 596 gt3prostats.com "http://gt3prostats.com/AdminSide/Login/Login.html" "Mozilla/5.0 (Linux; Android 6.0; Nexus 5 Build/MRA58N) AppleWebKit/537.36 (KHTML, like Gecko) Chrome/113.0.0.0 Mobile Safari/537.36" "-"
47.63.232.0 - - [15/May/2023:14:37:33 +0200] "GET /AdminSide/Login/Login.html HTTP/1.1" 200 1619 gt3prostats.com "http://gt3prostats.com/AdminSide/Team/TeamAdmin.html" "Mozilla/5.0 (Linux; Android 6.0; Nexus 5 Build/MRA58N) AppleWebKit/537.36 (KHTML, like Gecko) Chrome/113.0.0.0 Mobile Safari/537.36" "-"
47.63.232.0 - - [15/May/2023:14:37:33 +0200] "GET /styles/styles.css HTTP/1.1" 200 234205 gt3prostats.com "http://gt3prostats.com/AdminSide/Login/Login.html" "Mozilla/5.0 (Linux; Android 6.0; Nexus 5 Build/MRA58N) AppleWebKit/537.36 (KHTML, like Gecko) Chrome/113.0.0.0 Mobile Safari/537.36" "-"
47.63.232.0 - - [15/May/2023:14:37:33 +0200] "GET /node_modules/jquery/dist/jquery.js HTTP/1.1" 200 304664 gt3prostats.com "http://gt3prostats.com/AdminSide/Login/Login.html" "Mozilla/5.0 (Linux; Android 6.0; Nexus 5 Build/MRA58N) AppleWebKit/537.36 (KHTML, like Gecko) Chrome/113.0.0.0 Mobile Safari/537.36" "-"
47.63.232.0 - - [15/May/2023:14:37:34 +0200] "GET /node_modules/bootstrap/dist/js/bootstrap.js HTTP/1.1" 200 145543 gt3prostats.com "http://gt3prostats.com/AdminSide/Login/Login.html" "Mozilla/5.0 (Linux; Android 6.0; Nexus 5 Build/MRA58N) AppleWebKit/537.36 (KHTML, like Gecko) Chrome/113.0.0.0 Mobile Safari/537.36" "-"
47.63.232.0 - - [15/May/2023:14:37:34 +0200] "GET /AdminSide/Login/login.js HTTP/1.1" 200 1652 gt3prostats.com "http://gt3prostats.com/AdminSide/Login/Login.html" "Mozilla/5.0 (Linux; Android 6.0; Nexus 5 Build/MRA58N) AppleWebKit/537.36 (KHTML, like Gecko) Chrome/113.0.0.0 Mobile Safari/537.36" "-"
47.63.232.0 - - [15/May/2023:14:37:34 +0200] "GET /AdminSide/admin/navbar.html HTTP/1.1" 301 258 gt3prostats.com "http://gt3prostats.com/AdminSide/Login/Login.html" "Mozilla/5.0 (Linux; Android 6.0; Nexus 5 Build/MRA58N) AppleWebKit/537.36 (KHTML, like Gecko) Chrome/113.0.0.0 Mobile Safari/537.36" "-"
47.63.232.0 - - [15/May/2023:14:37:34 +0200] "GET /img/Logo%20150x150.png HTTP/1.1" 200 27138 gt3prostats.com "http://gt3prostats.com/AdminSide/Login/Login.html" "Mozilla/5.0 (Linux; Android 6.0; Nexus 5 Build/MRA58N) AppleWebKit/537.36 (KHTML, like Gecko) Chrome/113.0.0.0 Mobile Safari/537.36" "-"
47.63.232.0 - - [15/May/2023:14:37:34 +0200] "GET /AdminSide/Admin/navbar.html HTTP/1.1" 301 258 gt3prostats.com "http://gt3prostats.com/AdminSide/Login/Login.html" "Mozilla/5.0 (Linux; Android 6.0; Nexus 5 Build/MRA58N) AppleWebKit/537.36 (KHTML, like Gecko) Chrome/113.0.0.0 Mobile Safari/537.36" "-"
47.63.232.0 - - [15/May/2023:14:37:34 +0200] "GET /AdminSide/Admin/NavBar.html HTTP/1.1" 200 2585 gt3prostats.com "http://gt3prostats.com/AdminSide/Login/Login.html" "Mozilla/5.0 (Linux; Android 6.0; Nexus 5 Build/MRA58N) AppleWebKit/537.36 (KHTML, like Gecko) Chrome/113.0.0.0 Mobile Safari/537.36" "-"
47.63.232.0 - - [15/May/2023:14:37:39 +0200] "POST /Backend/API/Login/Login.php HTTP/1.1" 404 596 gt3prostats.com "http://gt3prostats.com/AdminSide/Login/Login.html" "Mozilla/5.0 (Linux; Android 6.0; Nexus 5 Build/MRA58N) AppleWebKit/537.36 (KHTML, like Gecko) Chrome/113.0.0.0 Mobile Safari/537.36" "-"
47.63.232.0 - - [15/May/2023:14:38:58 +0200] "GET /Backend/API/Login/Login.php HTTP/1.1" 301 258 gt3prostats.com "-" "Mozilla/5.0 (Windows NT 10.0; Win64; x64) AppleWebKit/537.36 (KHTML, like Gecko) Chrome/113.0.0.0 Safari/537.36" "-"
47.63.232.0 - - [15/May/2023:14:38:59 +0200] "GET /BackEnd/API/Login/Login.php HTTP/1.1" 301 258 gt3prostats.com "-" "Mozilla/5.0 (Windows NT 10.0; Win64; x64) AppleWebKit/537.36 (KHTML, like Gecko) Chrome/113.0.0.0 Safari/537.36" "-"
47.63.232.0 - - [15/May/2023:14:38:59 +0200] "GET /BackEnd/API/Login/LogIn.php HTTP/1.1" 200 1 gt3prostats.com "-" "Mozilla/5.0 (Windows NT 10.0; Win64; x64) AppleWebKit/537.36 (KHTML, like Gecko) Chrome/113.0.0.0 Safari/537.36" "-"
47.63.232.0 - - [15/May/2023:14:38:59 +0200] "GET /favicon.ico HTTP/1.1" 404 596 gt3prostats.com "http://gt3prostats.com/BackEnd/API/Login/LogIn.php" "Mozilla/5.0 (Windows NT 10.0; Win64; x64) AppleWebKit/537.36 (KHTML, like Gecko) Chrome/113.0.0.0 Safari/537.36" "-"
